2025-10-02T14:27:45.2221291Z Current runner version: '2.328.0'
2025-10-02T14:27:45.2248527Z ##[group]Runner Image Provisioner
2025-10-02T14:27:45.2249671Z Hosted Compute Agent
2025-10-02T14:27:45.2250221Z Version: 20250912.392
2025-10-02T14:27:45.2251070Z Commit: d921fda672a98b64f4f82364647e2f10b2267d0b
2025-10-02T14:27:45.2251815Z Build Date: 2025-09-12T15:23:14Z
2025-10-02T14:27:45.2252433Z ##[endgroup]
2025-10-02T14:27:45.2253071Z ##[group]Operating System
2025-10-02T14:27:45.2253640Z Ubuntu
2025-10-02T14:27:45.2254143Z 24.04.3
2025-10-02T14:27:45.2254575Z LTS
2025-10-02T14:27:45.2255106Z ##[endgroup]
2025-10-02T14:27:45.2255584Z ##[group]Runner Image
2025-10-02T14:27:45.2256160Z Image: ubuntu-24.04
2025-10-02T14:27:45.2256707Z Version: 20250922.53.1
2025-10-02T14:27:45.2257752Z Included Software: https://github.com/actions/runner-images/blob/ubuntu24/20250922.53/images/ubuntu/Ubuntu2404-Readme.md
2025-10-02T14:27:45.2259613Z Image Release: https://github.com/actions/runner-images/releases/tag/ubuntu24%2F20250922.53
2025-10-02T14:27:45.2260647Z ##[endgroup]
2025-10-02T14:27:45.2261886Z ##[group]GITHUB_TOKEN Permissions
2025-10-02T14:27:45.2264333Z Contents: read
2025-10-02T14:27:45.2264912Z Metadata: read
2025-10-02T14:27:45.2265495Z Packages: read
2025-10-02T14:27:45.2265957Z ##[endgroup]
2025-10-02T14:27:45.2268493Z Secret source: Actions
2025-10-02T14:27:45.2269703Z Prepare workflow directory
2025-10-02T14:27:45.2594953Z Prepare all required actions
2025-10-02T14:27:45.2634265Z Getting action download info
2025-10-02T14:27:45.6477946Z Download action repository 'actions/checkout@v4' (SHA:08eba0b27e820071cde6df949e0beb9ba4906955)
2025-10-02T14:27:45.8381033Z Download action repository 'actions/setup-python@v5' (SHA:a26af69be951a213d495a4c3e4e4022e16d87065)
2025-10-02T14:27:45.9170252Z Download action repository 'actions/setup-node@v4' (SHA:49933ea5288caeca8642d1e84afbd3f7d6820020)
2025-10-02T14:27:46.0975138Z Complete job name: test
2025-10-02T14:27:46.1720213Z ##[group]Run actions/checkout@v4
2025-10-02T14:27:46.1721218Z with:
2025-10-02T14:27:46.1721720Z   repository: krtw00/duel-log-app
2025-10-02T14:27:46.1722501Z   token: ***
2025-10-02T14:27:46.1722922Z   ssh-strict: true
2025-10-02T14:27:46.1723356Z   ssh-user: git
2025-10-02T14:27:46.1723793Z   persist-credentials: true
2025-10-02T14:27:46.1724301Z   clean: true
2025-10-02T14:27:46.1724762Z   sparse-checkout-cone-mode: true
2025-10-02T14:27:46.1725309Z   fetch-depth: 1
2025-10-02T14:27:46.1725746Z   fetch-tags: false
2025-10-02T14:27:46.1726209Z   show-progress: true
2025-10-02T14:27:46.1726659Z   lfs: false
2025-10-02T14:27:46.1727077Z   submodules: false
2025-10-02T14:27:46.1727539Z   set-safe-directory: true
2025-10-02T14:27:46.1728282Z ##[endgroup]
2025-10-02T14:27:46.3176942Z Syncing repository: krtw00/duel-log-app
2025-10-02T14:27:46.3180207Z ##[group]Getting Git version info
2025-10-02T14:27:46.3181697Z Working directory is '/home/runner/work/duel-log-app/duel-log-app'
2025-10-02T14:27:46.3183927Z [command]/usr/bin/git version
2025-10-02T14:27:46.3245419Z git version 2.51.0
2025-10-02T14:27:46.3273498Z ##[endgroup]
2025-10-02T14:27:46.3291227Z Temporarily overriding HOME='/home/runner/work/_temp/7e812c23-8d10-4a0a-95bf-c7a33f9744fd' before making global git config changes
2025-10-02T14:27:46.3294136Z Adding repository directory to the temporary git global config as a safe directory
2025-10-02T14:27:46.3306769Z [command]/usr/bin/git config --global --add safe.directory /home/runner/work/duel-log-app/duel-log-app
2025-10-02T14:27:46.3347110Z Deleting the contents of '/home/runner/work/duel-log-app/duel-log-app'
2025-10-02T14:27:46.3351315Z ##[group]Initializing the repository
2025-10-02T14:27:46.3356922Z [command]/usr/bin/git init /home/runner/work/duel-log-app/duel-log-app
2025-10-02T14:27:46.3460272Z hint: Using 'master' as the name for the initial branch. This default branch name
2025-10-02T14:27:46.3461847Z hint: is subject to change. To configure the initial branch name to use in all
2025-10-02T14:27:46.3462894Z hint: of your new repositories, which will suppress this warning, call:
2025-10-02T14:27:46.3464718Z hint:
2025-10-02T14:27:46.3465747Z hint: 	git config --global init.defaultBranch <name>
2025-10-02T14:27:46.3467006Z hint:
2025-10-02T14:27:46.3468209Z hint: Names commonly chosen instead of 'master' are 'main', 'trunk' and
2025-10-02T14:27:46.3470396Z hint: 'development'. The just-created branch can be renamed via this command:
2025-10-02T14:27:46.3471940Z hint:
2025-10-02T14:27:46.3472875Z hint: 	git branch -m <name>
2025-10-02T14:27:46.3473846Z hint:
2025-10-02T14:27:46.3475060Z hint: Disable this message with "git config set advice.defaultBranchName false"
2025-10-02T14:27:46.3477240Z Initialized empty Git repository in /home/runner/work/duel-log-app/duel-log-app/.git/
2025-10-02T14:27:46.3481443Z [command]/usr/bin/git remote add origin https://github.com/krtw00/duel-log-app
2025-10-02T14:27:46.3523158Z ##[endgroup]
2025-10-02T14:27:46.3524009Z ##[group]Disabling automatic garbage collection
2025-10-02T14:27:46.3527347Z [command]/usr/bin/git config --local gc.auto 0
2025-10-02T14:27:46.3558775Z ##[endgroup]
2025-10-02T14:27:46.3560417Z ##[group]Setting up auth
2025-10-02T14:27:46.3567149Z [command]/usr/bin/git config --local --name-only --get-regexp core\.sshCommand
2025-10-02T14:27:46.3600235Z [command]/usr/bin/git submodule foreach --recursive sh -c "git config --local --name-only --get-regexp 'core\.sshCommand' && git config --local --unset-all 'core.sshCommand' || :"
2025-10-02T14:27:46.3924538Z [command]/usr/bin/git config --local --name-only --get-regexp http\.https\:\/\/github\.com\/\.extraheader
2025-10-02T14:27:46.3959494Z [command]/usr/bin/git submodule foreach --recursive sh -c "git config --local --name-only --get-regexp 'http\.https\:\/\/github\.com\/\.extraheader' && git config --local --unset-all 'http.https://github.com/.extraheader' || :"
2025-10-02T14:27:46.4179292Z [command]/usr/bin/git config --local http.https://github.com/.extraheader AUTHORIZATION: basic ***
2025-10-02T14:27:46.4212811Z ##[endgroup]
2025-10-02T14:27:46.4214297Z ##[group]Fetching the repository
2025-10-02T14:27:46.4223173Z [command]/usr/bin/git -c protocol.version=2 fetch --no-tags --prune --no-recurse-submodules --depth=1 origin +ebc8c4614ad14b79a385ed1f8d19a7baf842b151:refs/remotes/origin/main
2025-10-02T14:27:46.6375196Z From https://github.com/krtw00/duel-log-app
2025-10-02T14:27:46.6377192Z  * [new ref]         ebc8c4614ad14b79a385ed1f8d19a7baf842b151 -> origin/main
2025-10-02T14:27:46.6405521Z ##[endgroup]
2025-10-02T14:27:46.6406340Z ##[group]Determining the checkout info
2025-10-02T14:27:46.6407738Z ##[endgroup]
2025-10-02T14:27:46.6413191Z [command]/usr/bin/git sparse-checkout disable
2025-10-02T14:27:46.6455359Z [command]/usr/bin/git config --local --unset-all extensions.worktreeConfig
2025-10-02T14:27:46.6487079Z ##[group]Checking out the ref
2025-10-02T14:27:46.6489568Z [command]/usr/bin/git checkout --progress --force -B main refs/remotes/origin/main
2025-10-02T14:27:46.6596086Z Switched to a new branch 'main'
2025-10-02T14:27:46.6598659Z branch 'main' set up to track 'origin/main'.
2025-10-02T14:27:46.6604891Z ##[endgroup]
2025-10-02T14:27:46.6641787Z [command]/usr/bin/git log -1 --format=%H
2025-10-02T14:27:46.6664193Z ebc8c4614ad14b79a385ed1f8d19a7baf842b151
2025-10-02T14:27:46.6906868Z ##[group]Run actions/setup-python@v5
2025-10-02T14:27:46.6907433Z with:
2025-10-02T14:27:46.6907825Z   python-version: 3.11
2025-10-02T14:27:46.6908265Z   check-latest: false
2025-10-02T14:27:46.6908834Z   token: ***
2025-10-02T14:27:46.6909450Z   update-environment: true
2025-10-02T14:27:46.6910054Z   allow-prereleases: false
2025-10-02T14:27:46.6910700Z   freethreaded: false
2025-10-02T14:27:46.6911264Z ##[endgroup]
2025-10-02T14:27:46.8571168Z ##[group]Installed versions
2025-10-02T14:27:46.8664491Z Successfully set up CPython (3.11.13)
2025-10-02T14:27:46.8665955Z ##[endgroup]
2025-10-02T14:27:46.8818879Z ##[group]Run actions/setup-node@v4
2025-10-02T14:27:46.8819759Z with:
2025-10-02T14:27:46.8820145Z   node-version: 20
2025-10-02T14:27:46.8820595Z   always-auth: false
2025-10-02T14:27:46.8821236Z   check-latest: false
2025-10-02T14:27:46.8821883Z   token: ***
2025-10-02T14:27:46.8822278Z env:
2025-10-02T14:27:46.8822773Z   pythonLocation: /opt/hostedtoolcache/Python/3.11.13/x64
2025-10-02T14:27:46.8823622Z   PKG_CONFIG_PATH: /opt/hostedtoolcache/Python/3.11.13/x64/lib/pkgconfig
2025-10-02T14:27:46.8824444Z   Python_ROOT_DIR: /opt/hostedtoolcache/Python/3.11.13/x64
2025-10-02T14:27:46.8825187Z   Python2_ROOT_DIR: /opt/hostedtoolcache/Python/3.11.13/x64
2025-10-02T14:27:46.8825925Z   Python3_ROOT_DIR: /opt/hostedtoolcache/Python/3.11.13/x64
2025-10-02T14:27:46.8826668Z   LD_LIBRARY_PATH: /opt/hostedtoolcache/Python/3.11.13/x64/lib
2025-10-02T14:27:46.8827308Z ##[endgroup]
2025-10-02T14:27:47.0778761Z Found in cache @ /opt/hostedtoolcache/node/20.19.5/x64
2025-10-02T14:27:47.0785189Z ##[group]Environment details
2025-10-02T14:27:50.2028054Z node: v20.19.5
2025-10-02T14:27:50.2029912Z npm: 10.8.2
2025-10-02T14:27:50.2030307Z yarn: 1.22.22
2025-10-02T14:27:50.2031510Z ##[endgroup]
2025-10-02T14:27:50.2206367Z ##[group]Run python -m pip install --upgrade pip
2025-10-02T14:27:50.2206870Z [36;1mpython -m pip install --upgrade pip[0m
2025-10-02T14:27:50.2207235Z [36;1mpip install -r backend/requirements.txt[0m
2025-10-02T14:27:50.2414107Z shell: /usr/bin/bash -e {0}
2025-10-02T14:27:50.2414438Z env:
2025-10-02T14:27:50.2414756Z   pythonLocation: /opt/hostedtoolcache/Python/3.11.13/x64
2025-10-02T14:27:50.2415233Z   PKG_CONFIG_PATH: /opt/hostedtoolcache/Python/3.11.13/x64/lib/pkgconfig
2025-10-02T14:27:50.2415696Z   Python_ROOT_DIR: /opt/hostedtoolcache/Python/3.11.13/x64
2025-10-02T14:27:50.2416106Z   Python2_ROOT_DIR: /opt/hostedtoolcache/Python/3.11.13/x64
2025-10-02T14:27:50.2416540Z   Python3_ROOT_DIR: /opt/hostedtoolcache/Python/3.11.13/x64
2025-10-02T14:27:50.2416977Z   LD_LIBRARY_PATH: /opt/hostedtoolcache/Python/3.11.13/x64/lib
2025-10-02T14:27:50.2417349Z ##[endgroup]
2025-10-02T14:27:55.1466518Z Requirement already satisfied: pip in /opt/hostedtoolcache/Python/3.11.13/x64/lib/python3.11/site-packages (25.2)
2025-10-02T14:27:56.2528904Z Collecting fastapi==0.111.1 (from -r backend/requirements.txt (line 1))
2025-10-02T14:27:56.2888497Z   Downloading fastapi-0.111.1-py3-none-any.whl.metadata (26 kB)
2025-10-02T14:27:56.3235970Z Collecting uvicorn==0.24.0 (from uvicorn[standard]==0.24.0->-r backend/requirements.txt (line 2))
2025-10-02T14:27:56.3284369Z   Downloading uvicorn-0.24.0-py3-none-any.whl.metadata (6.4 kB)
2025-10-02T14:27:56.5921923Z Collecting sqlalchemy==2.0.22 (from -r backend/requirements.txt (line 3))
2025-10-02T14:27:56.5978481Z   Downloading SQLAlchemy-2.0.22-cp311-cp311-manylinux_2_17_x86_64.manylinux2014_x86_64.whl.metadata (9.4 kB)
2025-10-02T14:27:56.6625156Z Collecting psycopg2-binary==2.9.7 (from -r backend/requirements.txt (line 4))
2025-10-02T14:27:56.6668597Z   Downloading psycopg2_binary-2.9.7-cp311-cp311-manylinux_2_17_x86_64.manylinux2014_x86_64.whl.metadata (4.4 kB)
2025-10-02T14:27:56.6828465Z Collecting python-dotenv==1.0.1 (from -r backend/requirements.txt (line 5))
2025-10-02T14:27:56.6873314Z   Downloading python_dotenv-1.0.1-py3-none-any.whl.metadata (23 kB)
2025-10-02T14:27:56.7115509Z Collecting alembic==1.11.1 (from -r backend/requirements.txt (line 6))
2025-10-02T14:27:56.7169735Z   Downloading alembic-1.11.1-py3-none-any.whl.metadata (7.2 kB)
2025-10-02T14:27:56.7583027Z Collecting bcrypt==4.0.1 (from -r backend/requirements.txt (line 7))
2025-10-02T14:27:56.7628197Z   Downloading bcrypt-4.0.1-cp36-abi3-manylinux_2_28_x86_64.whl.metadata (9.0 kB)
2025-10-02T14:27:56.7758891Z Collecting passlib==1.7.4 (from passlib[bcrypt]==1.7.4->-r backend/requirements.txt (line 8))
2025-10-02T14:27:56.7803384Z   Downloading passlib-1.7.4-py2.py3-none-any.whl.metadata (1.7 kB)
2025-10-02T14:27:56.7932660Z Collecting python-jose==3.3.0 (from python-jose[cryptography]==3.3.0->-r backend/requirements.txt (line 9))
2025-10-02T14:27:56.7973369Z   Downloading python_jose-3.3.0-py2.py3-none-any.whl.metadata (5.4 kB)
2025-10-02T14:27:56.8126671Z Collecting pydantic-settings==2.0.3 (from -r backend/requirements.txt (line 10))
2025-10-02T14:27:56.8164442Z   Downloading pydantic_settings-2.0.3-py3-none-any.whl.metadata (2.9 kB)
2025-10-02T14:27:56.9412441Z Collecting pydantic==2.5.0 (from pydantic[email]==2.5.0->-r backend/requirements.txt (line 11))
2025-10-02T14:27:56.9480358Z   Downloading pydantic-2.5.0-py3-none-any.whl.metadata (174 kB)
2025-10-02T14:27:57.0016967Z Collecting pytest==7.4.3 (from -r backend/requirements.txt (line 14))
2025-10-02T14:27:57.0062318Z   Downloading pytest-7.4.3-py3-none-any.whl.metadata (7.9 kB)
2025-10-02T14:27:57.0241969Z Collecting pytest-cov==4.1.0 (from -r backend/requirements.txt (line 15))
2025-10-02T14:27:57.0280598Z   Downloading pytest_cov-4.1.0-py3-none-any.whl.metadata (26 kB)
2025-10-02T14:27:57.0548364Z Collecting httpx==0.25.2 (from -r backend/requirements.txt (line 16))
2025-10-02T14:27:57.0587405Z   Downloading httpx-0.25.2-py3-none-any.whl.metadata (6.9 kB)
2025-10-02T14:27:57.0886597Z Collecting starlette<0.38.0,>=0.37.2 (from fastapi==0.111.1->-r backend/requirements.txt (line 1))
2025-10-02T14:27:57.0930347Z   Downloading starlette-0.37.2-py3-none-any.whl.metadata (5.9 kB)
2025-10-02T14:27:57.1315511Z Collecting typing-extensions>=4.8.0 (from fastapi==0.111.1->-r backend/requirements.txt (line 1))
2025-10-02T14:27:57.1353832Z   Downloading typing_extensions-4.15.0-py3-none-any.whl.metadata (3.3 kB)
2025-10-02T14:27:57.1471242Z Collecting fastapi-cli>=0.0.2 (from fastapi==0.111.1->-r backend/requirements.txt (line 1))
2025-10-02T14:27:57.1507761Z   Downloading fastapi_cli-0.0.13-py3-none-any.whl.metadata (6.3 kB)
2025-10-02T14:27:57.1715469Z Collecting jinja2>=2.11.2 (from fastapi==0.111.1->-r backend/requirements.txt (line 1))
2025-10-02T14:27:57.1770695Z   Downloading jinja2-3.1.6-py3-none-any.whl.metadata (2.9 kB)
2025-10-02T14:27:57.1896841Z Collecting python-multipart>=0.0.7 (from fastapi==0.111.1->-r backend/requirements.txt (line 1))
2025-10-02T14:27:57.1934679Z   Downloading python_multipart-0.0.20-py3-none-any.whl.metadata (1.8 kB)
2025-10-02T14:27:57.2070324Z Collecting email_validator>=2.0.0 (from fastapi==0.111.1->-r backend/requirements.txt (line 1))
2025-10-02T14:27:57.2106152Z   Downloading email_validator-2.3.0-py3-none-any.whl.metadata (26 kB)
2025-10-02T14:27:57.2295676Z Collecting annotated-types>=0.4.0 (from pydantic==2.5.0->pydantic[email]==2.5.0->-r backend/requirements.txt (line 11))
2025-10-02T14:27:57.2334930Z   Downloading annotated_types-0.7.0-py3-none-any.whl.metadata (15 kB)
2025-10-02T14:27:57.8712543Z Collecting pydantic-core==2.14.1 (from pydantic==2.5.0->pydantic[email]==2.5.0->-r backend/requirements.txt (line 11))
2025-10-02T14:27:57.8765661Z   Downloading pydantic_core-2.14.1-cp311-cp311-manylinux_2_17_x86_64.manylinux2014_x86_64.whl.metadata (6.5 kB)
2025-10-02T14:27:57.9007496Z Collecting click>=7.0 (from uvicorn==0.24.0->uvicorn[standard]==0.24.0->-r backend/requirements.txt (line 2))
2025-10-02T14:27:57.9045442Z   Downloading click-8.3.0-py3-none-any.whl.metadata (2.6 kB)
2025-10-02T14:27:57.9171353Z Collecting h11>=0.8 (from uvicorn==0.24.0->uvicorn[standard]==0.24.0->-r backend/requirements.txt (line 2))
2025-10-02T14:27:57.9233982Z   Downloading h11-0.16.0-py3-none-any.whl.metadata (8.3 kB)
2025-10-02T14:27:58.0817423Z Collecting greenlet!=0.4.17 (from sqlalchemy==2.0.22->-r backend/requirements.txt (line 3))
2025-10-02T14:27:58.0863052Z   Downloading greenlet-3.2.4-cp311-cp311-manylinux_2_24_x86_64.manylinux_2_28_x86_64.whl.metadata (4.1 kB)
2025-10-02T14:27:58.1148399Z Collecting Mako (from alembic==1.11.1->-r backend/requirements.txt (line 6))
2025-10-02T14:27:58.1184771Z   Downloading mako-1.3.10-py3-none-any.whl.metadata (2.9 kB)
2025-10-02T14:27:58.1390388Z Collecting ecdsa!=0.15 (from python-jose==3.3.0->python-jose[cryptography]==3.3.0->-r backend/requirements.txt (line 9))
2025-10-02T14:27:58.1428342Z   Downloading ecdsa-0.19.1-py2.py3-none-any.whl.metadata (29 kB)
2025-10-02T14:27:58.1590479Z Collecting rsa (from python-jose==3.3.0->python-jose[cryptography]==3.3.0->-r backend/requirements.txt (line 9))
2025-10-02T14:27:58.1629383Z   Downloading rsa-4.9.1-py3-none-any.whl.metadata (5.6 kB)
2025-10-02T14:27:58.1848549Z Collecting pyasn1 (from python-jose==3.3.0->python-jose[cryptography]==3.3.0->-r backend/requirements.txt (line 9))
2025-10-02T14:27:58.1887854Z   Downloading pyasn1-0.6.1-py3-none-any.whl.metadata (8.4 kB)
2025-10-02T14:27:58.2253074Z Collecting iniconfig (from pytest==7.4.3->-r backend/requirements.txt (line 14))
2025-10-02T14:27:58.2290724Z   Downloading iniconfig-2.1.0-py3-none-any.whl.metadata (2.7 kB)
2025-10-02T14:27:58.2473034Z Collecting packaging (from pytest==7.4.3->-r backend/requirements.txt (line 14))
2025-10-02T14:27:58.2513656Z   Downloading packaging-25.0-py3-none-any.whl.metadata (3.3 kB)
2025-10-02T14:27:58.2654248Z Collecting pluggy<2.0,>=0.12 (from pytest==7.4.3->-r backend/requirements.txt (line 14))
2025-10-02T14:27:58.2693454Z   Downloading pluggy-1.6.0-py3-none-any.whl.metadata (4.8 kB)
2025-10-02T14:27:58.5951968Z Collecting coverage>=5.2.1 (from coverage[toml]>=5.2.1->pytest-cov==4.1.0->-r backend/requirements.txt (line 15))
2025-10-02T14:27:58.5994293Z   Downloading coverage-7.10.7-cp311-cp311-manylinux1_x86_64.manylinux_2_28_x86_64.manylinux_2_5_x86_64.whl.metadata (8.9 kB)
2025-10-02T14:27:58.6220024Z Collecting anyio (from httpx==0.25.2->-r backend/requirements.txt (line 16))
2025-10-02T14:27:58.6318566Z   Downloading anyio-4.11.0-py3-none-any.whl.metadata (4.1 kB)
2025-10-02T14:27:58.7016359Z Collecting certifi (from httpx==0.25.2->-r backend/requirements.txt (line 16))
2025-10-02T14:27:58.7057347Z   Downloading certifi-2025.8.3-py3-none-any.whl.metadata (2.4 kB)
2025-10-02T14:27:58.7256818Z Collecting httpcore==1.* (from httpx==0.25.2->-r backend/requirements.txt (line 16))
2025-10-02T14:27:58.7293493Z   Downloading httpcore-1.0.9-py3-none-any.whl.metadata (21 kB)
2025-10-02T14:27:58.7444972Z Collecting idna (from httpx==0.25.2->-r backend/requirements.txt (line 16))
2025-10-02T14:27:58.7483480Z   Downloading idna-3.10-py3-none-any.whl.metadata (10 kB)
2025-10-02T14:27:58.7595424Z Collecting sniffio (from httpx==0.25.2->-r backend/requirements.txt (line 16))
2025-10-02T14:27:58.7632087Z   Downloading sniffio-1.3.1-py3-none-any.whl.metadata (3.9 kB)
2025-10-02T14:27:58.9530665Z Collecting cryptography>=3.4.0 (from python-jose[cryptography]==3.3.0->-r backend/requirements.txt (line 9))
2025-10-02T14:27:58.9571327Z   Downloading cryptography-46.0.2-cp311-abi3-manylinux_2_34_x86_64.whl.metadata (5.7 kB)
2025-10-02T14:27:58.9909876Z Collecting httptools>=0.5.0 (from uvicorn[standard]==0.24.0->-r backend/requirements.txt (line 2))
2025-10-02T14:27:58.9951612Z   Downloading httptools-0.6.4-cp311-cp311-manylinux_2_5_x86_64.manylinux1_x86_64.manylinux_2_17_x86_64.manylinux2014_x86_64.whl.metadata (3.6 kB)
2025-10-02T14:27:59.0378742Z Collecting pyyaml>=5.1 (from uvicorn[standard]==0.24.0->-r backend/requirements.txt (line 2))
2025-10-02T14:27:59.0432074Z   Downloading pyyaml-6.0.3-cp311-cp311-manylinux2014_x86_64.manylinux_2_17_x86_64.manylinux_2_28_x86_64.whl.metadata (2.4 kB)
2025-10-02T14:27:59.0841681Z Collecting uvloop!=0.15.0,!=0.15.1,>=0.14.0 (from uvicorn[standard]==0.24.0->-r backend/requirements.txt (line 2))
2025-10-02T14:27:59.0886541Z   Downloading uvloop-0.21.0-cp311-cp311-manylinux_2_17_x86_64.manylinux2014_x86_64.whl.metadata (4.9 kB)
2025-10-02T14:27:59.1626068Z Collecting watchfiles>=0.13 (from uvicorn[standard]==0.24.0->-r backend/requirements.txt (line 2))
2025-10-02T14:27:59.1668762Z   Downloading watchfiles-1.1.0-cp311-cp311-manylinux_2_17_x86_64.manylinux2014_x86_64.whl.metadata (4.9 kB)
2025-10-02T14:27:59.2551087Z Collecting websockets>=10.4 (from uvicorn[standard]==0.24.0->-r backend/requirements.txt (line 2))
2025-10-02T14:27:59.2594730Z   Downloading websockets-15.0.1-cp311-cp311-manylinux_2_5_x86_64.manylinux1_x86_64.manylinux_2_17_x86_64.manylinux2014_x86_64.whl.metadata (6.8 kB)
2025-10-02T14:27:59.4526163Z Collecting cffi>=2.0.0 (from cryptography>=3.4.0->python-jose[cryptography]==3.3.0->-r backend/requirements.txt (line 9))
2025-10-02T14:27:59.4566824Z   Downloading cffi-2.0.0-cp311-cp311-manylinux2014_x86_64.manylinux_2_17_x86_64.whl.metadata (2.6 kB)
2025-10-02T14:27:59.4691507Z Collecting pycparser (from cffi>=2.0.0->cryptography>=3.4.0->python-jose[cryptography]==3.3.0->-r backend/requirements.txt (line 9))
2025-10-02T14:27:59.4730955Z   Downloading pycparser-2.23-py3-none-any.whl.metadata (993 bytes)
2025-10-02T14:27:59.4879828Z Collecting six>=1.9.0 (from ecdsa!=0.15->python-jose==3.3.0->python-jose[cryptography]==3.3.0->-r backend/requirements.txt (line 9))
2025-10-02T14:27:59.4918068Z   Downloading six-1.17.0-py2.py3-none-any.whl.metadata (1.7 kB)
2025-10-02T14:27:59.5071553Z Collecting dnspython>=2.0.0 (from email_validator>=2.0.0->fastapi==0.111.1->-r backend/requirements.txt (line 1))
2025-10-02T14:27:59.5108687Z   Downloading dnspython-2.8.0-py3-none-any.whl.metadata (5.7 kB)
2025-10-02T14:27:59.5386899Z Collecting typer>=0.15.1 (from fastapi-cli>=0.0.2->fastapi==0.111.1->-r backend/requirements.txt (line 1))
2025-10-02T14:27:59.5427088Z   Downloading typer-0.19.2-py3-none-any.whl.metadata (16 kB)
2025-10-02T14:27:59.5596721Z Collecting rich-toolkit>=0.14.8 (from fastapi-cli>=0.0.2->fastapi==0.111.1->-r backend/requirements.txt (line 1))
2025-10-02T14:27:59.5635017Z   Downloading rich_toolkit-0.15.1-py3-none-any.whl.metadata (1.0 kB)
2025-10-02T14:27:59.6217902Z Collecting MarkupSafe>=2.0 (from jinja2>=2.11.2->fastapi==0.111.1->-r backend/requirements.txt (line 1))
2025-10-02T14:27:59.6259273Z   Downloading markupsafe-3.0.3-cp311-cp311-manylinux2014_x86_64.manylinux_2_17_x86_64.manylinux_2_28_x86_64.whl.metadata (2.7 kB)
2025-10-02T14:27:59.6715417Z Collecting rich>=13.7.1 (from rich-toolkit>=0.14.8->fastapi-cli>=0.0.2->fastapi==0.111.1->-r backend/requirements.txt (line 1))
2025-10-02T14:27:59.6755028Z   Downloading rich-14.1.0-py3-none-any.whl.metadata (18 kB)
2025-10-02T14:27:59.6972578Z Collecting markdown-it-py>=2.2.0 (from rich>=13.7.1->rich-toolkit>=0.14.8->fastapi-cli>=0.0.2->fastapi==0.111.1->-r backend/requirements.txt (line 1))
2025-10-02T14:27:59.7012621Z   Downloading markdown_it_py-4.0.0-py3-none-any.whl.metadata (7.3 kB)
2025-10-02T14:27:59.7236096Z Collecting pygments<3.0.0,>=2.13.0 (from rich>=13.7.1->rich-toolkit>=0.14.8->fastapi-cli>=0.0.2->fastapi==0.111.1->-r backend/requirements.txt (line 1))
2025-10-02T14:27:59.7273875Z   Downloading pygments-2.19.2-py3-none-any.whl.metadata (2.5 kB)
2025-10-02T14:27:59.7401502Z Collecting mdurl~=0.1 (from markdown-it-py>=2.2.0->rich>=13.7.1->rich-toolkit>=0.14.8->fastapi-cli>=0.0.2->fastapi==0.111.1->-r backend/requirements.txt (line 1))
2025-10-02T14:27:59.7439763Z   Downloading mdurl-0.1.2-py3-none-any.whl.metadata (1.6 kB)
2025-10-02T14:27:59.7743842Z Collecting shellingham>=1.3.0 (from typer>=0.15.1->fastapi-cli>=0.0.2->fastapi==0.111.1->-r backend/requirements.txt (line 1))
2025-10-02T14:27:59.7794805Z   Downloading shellingham-1.5.4-py2.py3-none-any.whl.metadata (3.5 kB)
2025-10-02T14:27:59.8281086Z Downloading fastapi-0.111.1-py3-none-any.whl (92 kB)
2025-10-02T14:27:59.8341892Z Downloading pydantic-2.5.0-py3-none-any.whl (407 kB)
2025-10-02T14:27:59.8431637Z Downloading uvicorn-0.24.0-py3-none-any.whl (59 kB)
2025-10-02T14:27:59.8538060Z Downloading SQLAlchemy-2.0.22-cp311-cp311-manylinux_2_17_x86_64.manylinux2014_x86_64.whl (3.2 MB)
2025-10-02T14:27:59.8742378Z    ━━━━━━━━━━━━━━━━━━━━━━━━━━━━━━━━━━━━━━━━ 3.2/3.2 MB 170.3 MB/s  0:00:00
2025-10-02T14:27:59.8786814Z Downloading psycopg2_binary-2.9.7-cp311-cp311-manylinux_2_17_x86_64.manylinux2014_x86_64.whl (3.0 MB)
2025-10-02T14:27:59.9020394Z    ━━━━━━━━━━━━━━━━━━━━━━━━━━━━━━━━━━━━━━━━ 3.0/3.0 MB 134.3 MB/s  0:00:00
2025-10-02T14:27:59.9059829Z Downloading python_dotenv-1.0.1-py3-none-any.whl (19 kB)
2025-10-02T14:27:59.9113433Z Downloading alembic-1.11.1-py3-none-any.whl (224 kB)
2025-10-02T14:27:59.9190921Z Downloading bcrypt-4.0.1-cp36-abi3-manylinux_2_28_x86_64.whl (593 kB)
2025-10-02T14:27:59.9254652Z    ━━━━━━━━━━━━━━━━━━━━━━━━━━━━━━━━━━━━━━━━ 593.7/593.7 kB 88.3 MB/s  0:00:00
2025-10-02T14:27:59.9291007Z Downloading passlib-1.7.4-py2.py3-none-any.whl (525 kB)
2025-10-02T14:27:59.9344645Z    ━━━━━━━━━━━━━━━━━━━━━━━━━━━━━━━━━━━━━━━━ 525.6/525.6 kB 87.2 MB/s  0:00:00
2025-10-02T14:27:59.9381068Z Downloading python_jose-3.3.0-py2.py3-none-any.whl (33 kB)
2025-10-02T14:27:59.9436881Z Downloading pydantic_settings-2.0.3-py3-none-any.whl (11 kB)
2025-10-02T14:27:59.9535064Z Downloading pytest-7.4.3-py3-none-any.whl (325 kB)
2025-10-02T14:27:59.9621973Z Downloading pytest_cov-4.1.0-py3-none-any.whl (21 kB)
2025-10-02T14:27:59.9676794Z Downloading httpx-0.25.2-py3-none-any.whl (74 kB)
2025-10-02T14:27:59.9750167Z Downloading pydantic_core-2.14.1-cp311-cp311-manylinux_2_17_x86_64.manylinux2014_x86_64.whl (2.1 MB)
2025-10-02T14:27:59.9923911Z    ━━━━━━━━━━━━━━━━━━━━━━━━━━━━━━━━━━━━━━━━ 2.1/2.1 MB 122.2 MB/s  0:00:00
2025-10-02T14:27:59.9962761Z Downloading httpcore-1.0.9-py3-none-any.whl (78 kB)
2025-10-02T14:28:00.0025416Z Downloading pluggy-1.6.0-py3-none-any.whl (20 kB)
2025-10-02T14:28:00.0084765Z Downloading starlette-0.37.2-py3-none-any.whl (71 kB)
2025-10-02T14:28:00.0145540Z Downloading anyio-4.11.0-py3-none-any.whl (109 kB)
2025-10-02T14:28:00.0204921Z Downloading annotated_types-0.7.0-py3-none-any.whl (13 kB)
2025-10-02T14:28:00.0263542Z Downloading click-8.3.0-py3-none-any.whl (107 kB)
2025-10-02T14:28:00.0326921Z Downloading coverage-7.10.7-cp311-cp311-manylinux1_x86_64.manylinux_2_28_x86_64.manylinux_2_5_x86_64.whl (250 kB)
2025-10-02T14:28:00.0389974Z Downloading cryptography-46.0.2-cp311-abi3-manylinux_2_34_x86_64.whl (4.5 MB)
2025-10-02T14:28:00.0606757Z    ━━━━━━━━━━━━━━━━━━━━━━━━━━━━━━━━━━━━━━━━ 4.5/4.5 MB 221.9 MB/s  0:00:00
2025-10-02T14:28:00.0651940Z Downloading cffi-2.0.0-cp311-cp311-manylinux2014_x86_64.manylinux_2_17_x86_64.whl (215 kB)
2025-10-02T14:28:00.0723739Z Downloading ecdsa-0.19.1-py2.py3-none-any.whl (150 kB)
2025-10-02T14:28:00.0790980Z Downloading email_validator-2.3.0-py3-none-any.whl (35 kB)
2025-10-02T14:28:00.0848409Z Downloading dnspython-2.8.0-py3-none-any.whl (331 kB)
2025-10-02T14:28:00.0921339Z Downloading fastapi_cli-0.0.13-py3-none-any.whl (11 kB)
2025-10-02T14:28:00.0977922Z Downloading greenlet-3.2.4-cp311-cp311-manylinux_2_24_x86_64.manylinux_2_28_x86_64.whl (587 kB)
2025-10-02T14:28:00.1036819Z    ━━━━━━━━━━━━━━━━━━━━━━━━━━━━━━━━━━━━━━━━ 587.7/587.7 kB 93.9 MB/s  0:00:00
2025-10-02T14:28:00.1076410Z Downloading h11-0.16.0-py3-none-any.whl (37 kB)
2025-10-02T14:28:00.1134583Z Downloading httptools-0.6.4-cp311-cp311-manylinux_2_5_x86_64.manylinux1_x86_64.manylinux_2_17_x86_64.manylinux2014_x86_64.whl (459 kB)
2025-10-02T14:28:00.1213819Z Downloading idna-3.10-py3-none-any.whl (70 kB)
2025-10-02T14:28:00.1272618Z Downloading jinja2-3.1.6-py3-none-any.whl (134 kB)
2025-10-02T14:28:00.1333122Z Downloading markupsafe-3.0.3-cp311-cp311-manylinux2014_x86_64.manylinux_2_17_x86_64.manylinux_2_28_x86_64.whl (22 kB)
2025-10-02T14:28:00.1390762Z Downloading python_multipart-0.0.20-py3-none-any.whl (24 kB)
2025-10-02T14:28:00.1446827Z Downloading pyyaml-6.0.3-cp311-cp311-manylinux2014_x86_64.manylinux_2_17_x86_64.manylinux_2_28_x86_64.whl (806 kB)
2025-10-02T14:28:00.1512255Z    ━━━━━━━━━━━━━━━━━━━━━━━━━━━━━━━━━━━━━━━━ 806.6/806.6 kB 131.4 MB/s  0:00:00
2025-10-02T14:28:00.1550220Z Downloading rich_toolkit-0.15.1-py3-none-any.whl (29 kB)
2025-10-02T14:28:00.1610070Z Downloading rich-14.1.0-py3-none-any.whl (243 kB)
2025-10-02T14:28:00.1674434Z Downloading pygments-2.19.2-py3-none-any.whl (1.2 MB)
2025-10-02T14:28:00.1759461Z    ━━━━━━━━━━━━━━━━━━━━━━━━━━━━━━━━━━━━━━━━ 1.2/1.2 MB 157.0 MB/s  0:00:00
2025-10-02T14:28:00.1797316Z Downloading markdown_it_py-4.0.0-py3-none-any.whl (87 kB)
2025-10-02T14:28:00.1858217Z Downloading mdurl-0.1.2-py3-none-any.whl (10.0 kB)
2025-10-02T14:28:00.1912518Z Downloading six-1.17.0-py2.py3-none-any.whl (11 kB)
2025-10-02T14:28:00.1966981Z Downloading sniffio-1.3.1-py3-none-any.whl (10 kB)
2025-10-02T14:28:00.2025007Z Downloading typer-0.19.2-py3-none-any.whl (46 kB)
2025-10-02T14:28:00.2082029Z Downloading shellingham-1.5.4-py2.py3-none-any.whl (9.8 kB)
2025-10-02T14:28:00.2137305Z Downloading typing_extensions-4.15.0-py3-none-any.whl (44 kB)
2025-10-02T14:28:00.2195827Z Downloading uvloop-0.21.0-cp311-cp311-manylinux_2_17_x86_64.manylinux2014_x86_64.whl (4.0 MB)
2025-10-02T14:28:00.2459657Z    ━━━━━━━━━━━━━━━━━━━━━━━━━━━━━━━━━━━━━━━━ 4.0/4.0 MB 168.2 MB/s  0:00:00
2025-10-02T14:28:00.2499733Z Downloading watchfiles-1.1.0-cp311-cp311-manylinux_2_17_x86_64.manylinux2014_x86_64.whl (453 kB)
2025-10-02T14:28:00.2599128Z Downloading websockets-15.0.1-cp311-cp311-manylinux_2_5_x86_64.manylinux1_x86_64.manylinux_2_17_x86_64.manylinux2014_x86_64.whl (182 kB)
2025-10-02T14:28:00.2660753Z Downloading certifi-2025.8.3-py3-none-any.whl (161 kB)
2025-10-02T14:28:00.2720263Z Downloading iniconfig-2.1.0-py3-none-any.whl (6.0 kB)
2025-10-02T14:28:00.2779557Z Downloading mako-1.3.10-py3-none-any.whl (78 kB)
2025-10-02T14:28:00.2837605Z Downloading packaging-25.0-py3-none-any.whl (66 kB)
2025-10-02T14:28:00.2897500Z Downloading pyasn1-0.6.1-py3-none-any.whl (83 kB)
2025-10-02T14:28:00.2957789Z Downloading pycparser-2.23-py3-none-any.whl (118 kB)
2025-10-02T14:28:00.3017376Z Downloading rsa-4.9.1-py3-none-any.whl (34 kB)
2025-10-02T14:28:00.4477162Z Installing collected packages: passlib, websockets, uvloop, typing-extensions, sniffio, six, shellingham, pyyaml, python-multipart, python-dotenv, pygments, pycparser, pyasn1, psycopg2-binary, pluggy, packaging, mdurl, MarkupSafe, iniconfig, idna, httptools, h11, greenlet, dnspython, coverage, click, certifi, bcrypt, annotated-types, uvicorn, sqlalchemy, rsa, pytest, pydantic-core, markdown-it-py, Mako, jinja2, httpcore, email_validator, ecdsa, cffi, anyio, watchfiles, starlette, rich, python-jose, pytest-cov, pydantic, httpx, cryptography, alembic, typer, rich-toolkit, pydantic-settings, fastapi-cli, fastapi
2025-10-02T14:28:05.3142835Z 
2025-10-02T14:28:05.3179742Z Successfully installed Mako-1.3.10 MarkupSafe-3.0.3 alembic-1.11.1 annotated-types-0.7.0 anyio-4.11.0 bcrypt-4.0.1 certifi-2025.8.3 cffi-2.0.0 click-8.3.0 coverage-7.10.7 cryptography-46.0.2 dnspython-2.8.0 ecdsa-0.19.1 email_validator-2.3.0 fastapi-0.111.1 fastapi-cli-0.0.13 greenlet-3.2.4 h11-0.16.0 httpcore-1.0.9 httptools-0.6.4 httpx-0.25.2 idna-3.10 iniconfig-2.1.0 jinja2-3.1.6 markdown-it-py-4.0.0 mdurl-0.1.2 packaging-25.0 passlib-1.7.4 pluggy-1.6.0 psycopg2-binary-2.9.7 pyasn1-0.6.1 pycparser-2.23 pydantic-2.5.0 pydantic-core-2.14.1 pydantic-settings-2.0.3 pygments-2.19.2 pytest-7.4.3 pytest-cov-4.1.0 python-dotenv-1.0.1 python-jose-3.3.0 python-multipart-0.0.20 pyyaml-6.0.3 rich-14.1.0 rich-toolkit-0.15.1 rsa-4.9.1 shellingham-1.5.4 six-1.17.0 sniffio-1.3.1 sqlalchemy-2.0.22 starlette-0.37.2 typer-0.19.2 typing-extensions-4.15.0 uvicorn-0.24.0 uvloop-0.21.0 watchfiles-1.1.0 websockets-15.0.1
2025-10-02T14:28:05.7725951Z ##[group]Run pytest backend/
2025-10-02T14:28:05.7726253Z [36;1mpytest backend/[0m
2025-10-02T14:28:05.7759684Z shell: /usr/bin/bash -e {0}
2025-10-02T14:28:05.7759923Z env:
2025-10-02T14:28:05.7760171Z   pythonLocation: /opt/hostedtoolcache/Python/3.11.13/x64
2025-10-02T14:28:05.7760627Z   PKG_CONFIG_PATH: /opt/hostedtoolcache/Python/3.11.13/x64/lib/pkgconfig
2025-10-02T14:28:05.7761053Z   Python_ROOT_DIR: /opt/hostedtoolcache/Python/3.11.13/x64
2025-10-02T14:28:05.7761417Z   Python2_ROOT_DIR: /opt/hostedtoolcache/Python/3.11.13/x64
2025-10-02T14:28:05.7761795Z   Python3_ROOT_DIR: /opt/hostedtoolcache/Python/3.11.13/x64
2025-10-02T14:28:05.7762161Z   LD_LIBRARY_PATH: /opt/hostedtoolcache/Python/3.11.13/x64/lib
2025-10-02T14:28:05.7762476Z   PYTHONPATH: backend
2025-10-02T14:28:05.7762689Z   DATABASE_URL: sqlite:///./test.db
2025-10-02T14:28:05.7763017Z   SECRET_KEY: a_very_secret_key_for_testing_purposes_only_1234567890
2025-10-02T14:28:05.7763348Z   DEBUG: true
2025-10-02T14:28:05.7763557Z ##[endgroup]
2025-10-02T14:28:08.9086392Z ============================= test session starts ==============================
2025-10-02T14:28:08.9087717Z platform linux -- Python 3.11.13, pytest-7.4.3, pluggy-1.6.0 -- /opt/hostedtoolcache/Python/3.11.13/x64/bin/python
2025-10-02T14:28:08.9088609Z cachedir: .pytest_cache
2025-10-02T14:28:08.9089990Z rootdir: /home/runner/work/duel-log-app/duel-log-app/backend
2025-10-02T14:28:08.9090675Z configfile: pyproject.toml
2025-10-02T14:28:08.9091221Z plugins: anyio-4.11.0, cov-4.1.0
2025-10-02T14:28:08.9764823Z collecting ... collected 14 items
2025-10-02T14:28:08.9765180Z 
2025-10-02T14:28:09.6711750Z backend/tests/test_deck_api.py::TestDeckEndpoints::test_create_deck PASSED [  7%]
2025-10-02T14:28:10.2310454Z backend/tests/test_deck_api.py::TestDeckEndpoints::test_list_decks PASSED [ 14%]
2025-10-02T14:28:10.7867136Z backend/tests/test_deck_api.py::TestDeckEndpoints::test_get_deck_by_id PASSED [ 21%]
2025-10-02T14:28:11.4739659Z backend/tests/test_deck_api.py::TestDeckEndpoints::test_update_deck PASSED [ 28%]
2025-10-02T14:28:12.0389910Z backend/tests/test_deck_api.py::TestDeckEndpoints::test_delete_deck PASSED [ 35%]
2025-10-02T14:28:12.6002452Z backend/tests/test_deck_api.py::TestDeckEndpoints::test_list_decks_filter_by_opponent PASSED [ 42%]
2025-10-02T14:28:12.6227083Z backend/tests/test_deck_api.py::TestDeckEndpoints::test_create_deck_unauthorized PASSED [ 50%]
2025-10-02T14:28:13.1676021Z backend/tests/test_deck_api.py::TestDeckEndpoints::test_get_nonexistent_deck PASSED [ 57%]
2025-10-02T14:28:13.4467965Z backend/tests/test_deck_service.py::TestDeckService::test_create_deck PASSED [ 64%]
2025-10-02T14:28:13.7251136Z backend/tests/test_deck_service.py::TestDeckService::test_get_deck_by_id PASSED [ 71%]
2025-10-02T14:28:14.0067726Z backend/tests/test_deck_service.py::TestDeckService::test_get_all_user_decks PASSED [ 78%]
2025-10-02T14:28:14.2873249Z backend/tests/test_deck_service.py::TestDeckService::test_update_deck PASSED [ 85%]
2025-10-02T14:28:14.5677690Z backend/tests/test_deck_service.py::TestDeckService::test_delete_deck PASSED [ 92%]
2025-10-02T14:28:15.3009585Z backend/tests/test_deck_service.py::TestDeckService::test_get_user_decks_filtered_by_opponent PASSED [100%]
2025-10-02T14:28:15.3010464Z 
2025-10-02T14:28:15.3010921Z =============================== warnings summary ===============================
2025-10-02T14:28:15.3012252Z ../../../../../opt/hostedtoolcache/Python/3.11.13/x64/lib/python3.11/site-packages/starlette/formparsers.py:12
2025-10-02T14:28:15.3014516Z   /opt/hostedtoolcache/Python/3.11.13/x64/lib/python3.11/site-packages/starlette/formparsers.py:12: PendingDeprecationWarning: Please use `import python_multipart` instead.
2025-10-02T14:28:15.3015454Z     import multipart
2025-10-02T14:28:15.3015633Z 
2025-10-02T14:28:15.3016122Z ../../../../../opt/hostedtoolcache/Python/3.11.13/x64/lib/python3.11/site-packages/pydantic/_internal/_config.py:268
2025-10-02T14:28:15.3017985Z   /opt/hostedtoolcache/Python/3.11.13/x64/lib/python3.11/site-packages/pydantic/_internal/_config.py:268: PydanticDeprecatedSince20: Support for class-based `config` is deprecated, use ConfigDict instead. Deprecated in Pydantic V2.0 to be removed in V3.0. See Pydantic V2 Migration Guide at https://errors.pydantic.dev/2.5/migration/
2025-10-02T14:28:15.3019582Z     warnings.warn(DEPRECATION_MESSAGE, DeprecationWarning)
2025-10-02T14:28:15.3019829Z 
2025-10-02T14:28:15.3020243Z ../../../../../opt/hostedtoolcache/Python/3.11.13/x64/lib/python3.11/site-packages/passlib/utils/__init__.py:854
2025-10-02T14:28:15.3021241Z   /opt/hostedtoolcache/Python/3.11.13/x64/lib/python3.11/site-packages/passlib/utils/__init__.py:854: DeprecationWarning: 'crypt' is deprecated and slated for removal in Python 3.13
2025-10-02T14:28:15.3021971Z     from crypt import crypt as _crypt
2025-10-02T14:28:15.3022147Z 
2025-10-02T14:28:15.3022411Z -- Docs: https://docs.pytest.org/en/stable/how-to/capture-warnings.html
2025-10-02T14:28:15.3022707Z 
2025-10-02T14:28:15.3022966Z ---------- coverage: platform linux, python 3.11.13-final-0 ----------
2025-10-02T14:28:15.3023404Z Name                                         Stmts   Miss  Cover   Missing
2025-10-02T14:28:15.3023809Z --------------------------------------------------------------------------
2025-10-02T14:28:15.3024229Z backend/app/__init__.py                          0      0   100%
2025-10-02T14:28:15.3024888Z backend/app/api/deps.py                         32     11    66%   37, 42, 47-48, 53, 74-80
2025-10-02T14:28:15.3025408Z backend/app/api/routers/auth.py                 25      4    84%   50-51, 89-90
2025-10-02T14:28:15.3025933Z backend/app/api/routers/decks.py                32      2    94%   132, 164
2025-10-02T14:28:15.3026560Z backend/app/api/routers/duels.py                40     16    60%   41, 67, 94-106, 131-144, 164-171, 194-200, 214
2025-10-02T14:28:15.3027135Z backend/app/api/routers/me.py                   19      6    68%   20, 32-37, 51-53
2025-10-02T14:28:15.3027674Z backend/app/api/routers/statistics.py           18      3    83%   26, 38, 49
2025-10-02T14:28:15.3028245Z backend/app/api/routers/users.py                37     19    49%   24-32, 38-41, 47, 53-60, 66-69
2025-10-02T14:28:15.3028736Z backend/app/auth.py                              2      0   100%
2025-10-02T14:28:15.3029475Z backend/app/core/config.py                      28      1    96%   46
2025-10-02T14:28:15.3030016Z backend/app/core/exception_handlers.py          19      6    68%   44-52, 68-76, 92-100
2025-10-02T14:28:15.3030589Z backend/app/core/exceptions/__init__.py         23      4    83%   26, 40, 47, 54
2025-10-02T14:28:15.3031099Z backend/app/core/logging_config.py              13      1    92%   48
2025-10-02T14:28:15.3031588Z backend/app/core/security.py                    29      3    90%   66, 101-102
2025-10-02T14:28:15.3032056Z backend/app/db/__init__.py                       1      0   100%
2025-10-02T14:28:15.3032512Z backend/app/db/session.py                       11      4    64%   17-21
2025-10-02T14:28:15.3032965Z backend/app/main.py                             28      2    93%   60, 70
2025-10-02T14:28:15.3033400Z backend/app/models/__init__.py                   8      0   100%
2025-10-02T14:28:15.3033828Z backend/app/models/deck.py                      16      0   100%
2025-10-02T14:28:15.3034263Z backend/app/models/duel.py                      23      0   100%
2025-10-02T14:28:15.3034708Z backend/app/models/sharedUrl.py                 15      0   100%
2025-10-02T14:28:15.3035162Z backend/app/models/user.py                      20      1    95%   12
2025-10-02T14:28:15.3035619Z backend/app/schemas/__init__.py                  2      0   100%
2025-10-02T14:28:15.3036054Z backend/app/schemas/auth.py                     11      0   100%
2025-10-02T14:28:15.3036487Z backend/app/schemas/deck.py                     23      0   100%
2025-10-02T14:28:15.3037001Z backend/app/schemas/duel.py                     87     33    62%   27-36, 42-47, 53-58, 64-69, 97-107
2025-10-02T14:28:15.3037641Z backend/app/schemas/user.py                     18      0   100%
2025-10-02T14:28:15.3038088Z backend/app/services/base/__init__.py            2      0   100%
2025-10-02T14:28:15.3038582Z backend/app/services/base/base_service.py       45      2    96%   128, 159
2025-10-02T14:28:15.3039265Z backend/app/services/deck_service.py            18      0   100%
2025-10-02T14:28:15.3039804Z backend/app/services/duel_service.py            42     28    33%   41-52, 71, 90-102, 108-140
2025-10-02T14:28:15.3040422Z backend/app/services/statistics_service.py      43     31    28%   21-42, 48-53, 59-67, 71-110
2025-10-02T14:28:15.3041037Z backend/app/services/user_service.py            42     29    31%   20-35, 42-62
2025-10-02T14:28:15.3041507Z --------------------------------------------------------------------------
2025-10-02T14:28:15.3041895Z TOTAL                                          772    206    73%
2025-10-02T14:28:15.3042210Z Coverage HTML written to dir htmlcov
2025-10-02T14:28:15.3042380Z 
2025-10-02T14:28:15.3042592Z ======================== 14 passed, 3 warnings in 6.40s ========================
2025-10-02T14:28:15.4646660Z ##[group]Run npm install --prefix frontend
2025-10-02T14:28:15.4647026Z [36;1mnpm install --prefix frontend[0m
2025-10-02T14:28:15.4680180Z shell: /usr/bin/bash -e {0}
2025-10-02T14:28:15.4680424Z env:
2025-10-02T14:28:15.4680676Z   pythonLocation: /opt/hostedtoolcache/Python/3.11.13/x64
2025-10-02T14:28:15.4681281Z   PKG_CONFIG_PATH: /opt/hostedtoolcache/Python/3.11.13/x64/lib/pkgconfig
2025-10-02T14:28:15.4681697Z   Python_ROOT_DIR: /opt/hostedtoolcache/Python/3.11.13/x64
2025-10-02T14:28:15.4682063Z   Python2_ROOT_DIR: /opt/hostedtoolcache/Python/3.11.13/x64
2025-10-02T14:28:15.4682423Z   Python3_ROOT_DIR: /opt/hostedtoolcache/Python/3.11.13/x64
2025-10-02T14:28:15.4682778Z   LD_LIBRARY_PATH: /opt/hostedtoolcache/Python/3.11.13/x64/lib
2025-10-02T14:28:15.4683081Z ##[endgroup]
2025-10-02T14:28:23.5472523Z 
2025-10-02T14:28:23.5473157Z added 107 packages, and audited 108 packages in 8s
2025-10-02T14:28:23.5473491Z 
2025-10-02T14:28:23.5473775Z 25 packages are looking for funding
2025-10-02T14:28:23.5474128Z   run `npm fund` for details
2025-10-02T14:28:23.5559412Z 
2025-10-02T14:28:23.5559979Z 2 moderate severity vulnerabilities
2025-10-02T14:28:23.5560240Z 
2025-10-02T14:28:23.5560524Z To address all issues (including breaking changes), run:
2025-10-02T14:28:23.5560973Z   npm audit fix --force
2025-10-02T14:28:23.5561149Z 
2025-10-02T14:28:23.5561296Z Run `npm audit` for details.
2025-10-02T14:28:23.5761629Z ##[group]Run npm run build --prefix frontend
2025-10-02T14:28:23.5761986Z [36;1mnpm run build --prefix frontend[0m
2025-10-02T14:28:23.5797841Z shell: /usr/bin/bash -e {0}
2025-10-02T14:28:23.5798080Z env:
2025-10-02T14:28:23.5798339Z   pythonLocation: /opt/hostedtoolcache/Python/3.11.13/x64
2025-10-02T14:28:23.5798753Z   PKG_CONFIG_PATH: /opt/hostedtoolcache/Python/3.11.13/x64/lib/pkgconfig
2025-10-02T14:28:23.5799385Z   Python_ROOT_DIR: /opt/hostedtoolcache/Python/3.11.13/x64
2025-10-02T14:28:23.5799739Z   Python2_ROOT_DIR: /opt/hostedtoolcache/Python/3.11.13/x64
2025-10-02T14:28:23.5800105Z   Python3_ROOT_DIR: /opt/hostedtoolcache/Python/3.11.13/x64
2025-10-02T14:28:23.5800476Z   LD_LIBRARY_PATH: /opt/hostedtoolcache/Python/3.11.13/x64/lib
2025-10-02T14:28:23.5800786Z ##[endgroup]
2025-10-02T14:28:23.6947781Z 
2025-10-02T14:28:23.6948376Z > duel-log-frontend@0.0.0 build
2025-10-02T14:28:23.6948889Z > vue-tsc && vite build
2025-10-02T14:28:23.6949292Z 
2025-10-02T14:28:30.5023376Z ##[error]src/components/duel/DuelTable.vue(3,6): error TS2322: Type '({ title: string; key: string; sortable: boolean; width?: undefined; align?: undefined; } | { title: string; key: string; sortable: boolean; width: number; align?: undefined; } | { title: string; key: string; sortable: boolean; width: number; align: string; })[]' is not assignable to type 'readonly { readonly key?: (string & {}) | "data-table-group" | "data-table-select" | "data-table-expand" | undefined; readonly value?: SelectItemKey<Duel>; readonly title?: string | undefined; ... 13 more ...; readonly children?: readonly any[] | undefined; }[]'.
2025-10-02T14:28:30.5034675Z   Type '{ title: string; key: string; sortable: boolean; width?: undefined; align?: undefined; } | { title: string; key: string; sortable: boolean; width: number; align?: undefined; } | { title: string; key: string; sortable: boolean; width: number; align: string; }' is not assignable to type '{ readonly key?: (string & {}) | "data-table-group" | "data-table-select" | "data-table-expand" | undefined; readonly value?: SelectItemKey<Duel>; readonly title?: string | undefined; ... 13 more ...; readonly children?: readonly any[] | undefined; }'.
2025-10-02T14:28:30.5037419Z     Type '{ title: string; key: string; sortable: boolean; width: number; align: string; }' is not assignable to type '{ readonly key?: (string & {}) | "data-table-group" | "data-table-select" | "data-table-expand" | undefined; readonly value?: SelectItemKey<Duel>; readonly title?: string | undefined; ... 13 more ...; readonly children?: readonly any[] | undefined; }'.
2025-10-02T14:28:30.5038613Z       Types of property 'align' are incompatible.
2025-10-02T14:28:30.5039350Z         Type 'string' is not assignable to type '"start" | "end" | "center" | undefined'.
2025-10-02T14:28:30.5041846Z ##[error]src/main.ts(15,1): error TS2345: Argument of type '[]' is not assignable to parameter of type '[ctx: Omit<{ attrs: Data; slots: Readonly<InternalSlots>; emit: (event: string, ...args: any[]) => void; expose: <Exposed extends Record<string, any> = Record<string, any>>(exposed?: Exposed | undefined) => void; }, "expose">]'.
2025-10-02T14:28:30.5043811Z   Source has 0 element(s) but target requires 1.
2025-10-02T14:28:30.5044538Z ##[error]src/router/index.ts(59,30): error TS6133: 'from' is declared but its value is never read.
2025-10-02T14:28:30.5045764Z ##[error]src/services/api.ts(6,34): error TS2339: Property 'env' does not exist on type 'ImportMeta'.
2025-10-02T14:28:30.5047170Z ##[error]src/views/DashboardView.vue(16,14): error TS2322: Type '(mode: GameMode) => void' is not assignable to type '(v: unknown) => any'.
2025-10-02T14:28:30.5048125Z   Types of parameters 'mode' and 'v' are incompatible.
2025-10-02T14:28:30.5048498Z     Type 'unknown' is not assignable to type 'GameMode'.
2025-10-02T14:28:30.5655431Z ##[error]Process completed with exit code 2.
2025-10-02T14:28:30.5750984Z Post job cleanup.
2025-10-02T14:28:30.6696410Z [command]/usr/bin/git version
2025-10-02T14:28:30.6732650Z git version 2.51.0
2025-10-02T14:28:30.6774858Z Temporarily overriding HOME='/home/runner/work/_temp/b05832b0-4b3c-4788-82bd-9ca3f3519ff1' before making global git config changes
2025-10-02T14:28:30.6776069Z Adding repository directory to the temporary git global config as a safe directory
2025-10-02T14:28:30.6788774Z [command]/usr/bin/git config --global --add safe.directory /home/runner/work/duel-log-app/duel-log-app
2025-10-02T14:28:30.6823743Z [command]/usr/bin/git config --local --name-only --get-regexp core\.sshCommand
2025-10-02T14:28:30.6856992Z [command]/usr/bin/git submodule foreach --recursive sh -c "git config --local --name-only --get-regexp 'core\.sshCommand' && git config --local --unset-all 'core.sshCommand' || :"
2025-10-02T14:28:30.7083735Z [command]/usr/bin/git config --local --name-only --get-regexp http\.https\:\/\/github\.com\/\.extraheader
2025-10-02T14:28:30.7104444Z http.https://github.com/.extraheader
2025-10-02T14:28:30.7116935Z [command]/usr/bin/git config --local --unset-all http.https://github.com/.extraheader
2025-10-02T14:28:30.7147801Z [command]/usr/bin/git submodule foreach --recursive sh -c "git config --local --name-only --get-regexp 'http\.https\:\/\/github\.com\/\.extraheader' && git config --local --unset-all 'http.https://github.com/.extraheader' || :"
2025-10-02T14:28:30.7475712Z Cleaning up orphan processes
